---
http_interactions:
- request:
    method: get
    uri: https://httpbin.org/cache/0
    body:
      encoding: ASCII-8BIT
      string: ''
    headers:
      Connection:
      - close
      Host:
      - httpbin.org
      User-Agent:
      - http.rb/5.1.1
  response:
    status:
      code: 200
      message: OK
    headers:
      Date:
      - Mon, 02 Oct 2023 14:21:00 GMT
      Content-Type:
      - application/json
      Content-Length:
      - '240'
      Connection:
      - close
      Server:
      - gunicorn/19.9.0
      Cache-Control:
      - public, max-age=0
      Access-Control-Allow-Origin:
      - "*"
      Access-Control-Allow-Credentials:
      - 'true'
    body:
      encoding: UTF-8
      string: "{\n  \"args\": {}, \n  \"headers\": {\n    \"Host\": \"httpbin.org\",
        \n    \"User-Agent\": \"http.rb/5.1.1\", \n    \"X-Amzn-Trace-Id\": \"Root=1-651ad1cc-3cd1df965edac9617759d6d4\"\n
        \ }, \n  \"origin\": \"113.116.31.156\", \n  \"url\": \"https://httpbin.org/cache/0\"\n}\n"
  recorded_at: Mon, 02 Oct 2023 14:21:00 GMT
- request:
    method: get
    uri: https://httpbin.org/response-headers?Cache-Control=public,%20max-age=60
    body:
      encoding: ASCII-8BIT
      string: ''
    headers:
      Connection:
      - close
      Host:
      - httpbin.org
      User-Agent:
      - http.rb/5.1.1
  response:
    status:
      code: 200
      message: OK
    headers:
      Date:
      - Mon, 02 Oct 2023 14:21:02 GMT
      Content-Type:
      - application/json
      Content-Length:
      - '111'
      Connection:
      - close
      Server:
      - gunicorn/19.9.0
      Cache-Control:
      - public, max-age=60
      Access-Control-Allow-Origin:
      - "*"
      Access-Control-Allow-Credentials:
      - 'true'
    body:
      encoding: UTF-8
      string: "{\n  \"Cache-Control\": \"public, max-age=60\", \n  \"Content-Length\":
        \"111\", \n  \"Content-Type\": \"application/json\"\n}\n"
  recorded_at: Mon, 02 Oct 2023 14:21:00 GMT
- request:
    method: get
    uri: https://httpbin.org/response-headers?Cache-Control=public,%20max-age=60
    body:
      encoding: ASCII-8BIT
      string: ''
    headers:
      Cache-Control:
      - no-cache
      Connection:
      - close
      Host:
      - httpbin.org
      User-Agent:
      - http.rb/5.1.1
  response:
    status:
      code: 200
      message: OK
    headers:
      Date:
      - Mon, 02 Oct 2023 14:21:03 GMT
      Content-Type:
      - application/json
      Content-Length:
      - '111'
      Connection:
      - close
      Server:
      - gunicorn/19.9.0
      Cache-Control:
      - public, max-age=60
      Access-Control-Allow-Origin:
      - "*"
      Access-Control-Allow-Credentials:
      - 'true'
    body:
      encoding: UTF-8
      string: "{\n  \"Cache-Control\": \"public, max-age=60\", \n  \"Content-Length\":
        \"111\", \n  \"Content-Type\": \"application/json\"\n}\n"
  recorded_at: Mon, 02 Oct 2023 14:21:00 GMT
recorded_with: VCR 6.2.0
